
> react-typescript-starter@0.1.0 test
> react-scripts test --coverage

Browserslist: caniuse-lite is outdated. Please run:
  npx browserslist@latest --update-db
  Why you should do it regularly: https://github.com/browserslist/browserslist#browsers-data-updating
Browserslist: caniuse-lite is outdated. Please run:
  npx browserslist@latest --update-db
  Why you should do it regularly: https://github.com/browserslist/browserslist#browsers-data-updating
Browserslist: caniuse-lite is outdated. Please run:
  npx browserslist@latest --update-db
  Why you should do it regularly: https://github.com/browserslist/browserslist#browsers-data-updating
PASS src/objects.test.ts
PASS src/arrays.test.ts
PASS src/nested.test.ts
  ● Console

    console.log
      [ 'red', 'apple', 'firetruck' ]

      at editOption (src/nested.ts:280:17)

    console.log
      [ 'newspaper', 'apple', 'firetruck' ]

      at editOption (src/nested.ts:282:17)

    console.log
      [ 'red', 'apple', 'firetruck' ]

      at editOption (src/nested.ts:280:17)

    console.log
      [ 'red', 'apple', 'newspaper' ]

      at editOption (src/nested.ts:282:17)

PASS src/functions.test.ts
PASS src/components/StartAttempt.test.tsx
PASS src/components/TwoDice.test.tsx
PASS src/components/ChangeType.test.tsx
PASS src/components/CycleHoliday.test.tsx
PASS src/components/Counter.test.tsx
PASS src/components/RevealAnswer.test.tsx
PASS src/App.test.tsx
-------------------|---------|----------|---------|---------|-------------------
File               | % Stmts | % Branch | % Funcs | % Lines | Uncovered Line #s 
-------------------|---------|----------|---------|---------|-------------------
All files          |     100 |    94.23 |     100 |     100 |                   
 src               |     100 |    97.14 |     100 |     100 |                   
  App.tsx          |     100 |      100 |     100 |     100 |                   
  arrays.ts        |     100 |       96 |     100 |     100 | 107               
  functions.ts     |     100 |      100 |     100 |     100 |                   
  nested.ts        |     100 |    94.73 |     100 |     100 | 246               
  objects.ts       |     100 |      100 |     100 |     100 |                   
 src/components    |     100 |    88.23 |     100 |     100 |                   
  ChangeType.tsx   |     100 |    83.33 |     100 |     100 | 21                
  Counter.tsx      |     100 |      100 |     100 |     100 |                   
  CycleHoliday.tsx |     100 |      100 |     100 |     100 |                   
  RevealAnswer.tsx |     100 |      100 |     100 |     100 |                   
  StartAttempt.tsx |     100 |       75 |     100 |     100 | 9-22              
  TwoDice.tsx      |     100 |      100 |     100 |     100 |                   
 src/interfaces    |       0 |        0 |       0 |       0 |                   
  answer.ts        |       0 |        0 |       0 |       0 |                   
  question.ts      |       0 |        0 |       0 |       0 |                   
-------------------|---------|----------|---------|---------|-------------------

Test Suites: 11 passed, 11 total
Tests:       93 passed, 93 total
Snapshots:   0 total
Time:        5.228 s
Ran all test suites.
